 [x] Published messages with priorities.
 [*] Consuming... (To exit press CTRL+C)
 [x] Received [2] (expected)
 [x] Received [1] (expected)
